\BOOKMARK [1][-]{section*.1}{\376\377\000I\000n\000t\000r\000o\000d\000u\000c\000t\000i\000o\000n}{}% 1
\BOOKMARK [1][-]{section*.2}{\376\377\000R\000e\000s\000u\000l\000t\000s}{}% 2
\BOOKMARK [2][-]{subsection*.3}{\376\377\000G\000e\000n\000e\000r\000a\000t\000i\000o\000n\000\040\000o\000f\000\040\000a\000\040\000l\000a\000r\000v\000a\000l\000\040\000z\000e\000b\000r\000a\000f\000i\000s\000h\000\040\000m\000o\000d\000e\000l\000\040\000o\000f\000\040\000A\000T\000P\0001\000A\0003\000-\000r\000e\000l\000a\000t\000e\000d\000\040\000d\000i\000s\000o\000r\000d\000e\000r\000s\000.}{section*.2}% 3
\BOOKMARK [2][-]{subsection*.5}{\376\377\000B\000e\000h\000a\000v\000i\000o\000u\000r\000a\000l\000\040\000a\000n\000d\000\040\000n\000e\000u\000r\000a\000l\000\040\000p\000h\000e\000n\000o\000t\000y\000p\000e\000s\000\040\000i\000n\000\040\000a\000t\000p\0001\000a\0003\000a\000\040\000m\000u\000t\000a\000n\000t\000s\000\040\000i\000n\000\040\000a\000\040\000s\000t\000i\000m\000u\000l\000u\000s\000-\000f\000r\000e\000e\000\040\000c\000o\000n\000d\000i\000t\000i\000o\000n}{section*.2}% 4
\BOOKMARK [2][-]{subsection*.7}{\376\377\000B\000e\000h\000a\000v\000i\000o\000u\000r\000a\000l\000\040\000a\000n\000d\000\040\000n\000e\000u\000r\000a\000l\000\040\000p\000h\000e\000n\000o\000t\000y\000p\000e\000s\000\040\000i\000n\000\040\000a\000t\000p\0001\000a\0003\000a\000\040\000m\000u\000t\000a\000n\000t\000s\000\040\000i\000n\000\040\000s\000t\000i\000m\000u\000l\000u\000s\000-\000e\000v\000o\000k\000e\000d\000\040\000c\000o\000n\000d\000i\000t\000i\000o\000n\000s}{section*.2}% 5
\BOOKMARK [2][-]{subsection*.10}{\376\377\000a\000t\000p\0001\000a\0003\000a\000\040\000m\000u\000t\000a\000n\000t\000s\000\040\000s\000h\000o\000w\000\040\000d\000y\000s\000r\000e\000g\000u\000l\000a\000t\000e\000d\000\040\000a\000c\000t\000i\000v\000i\000t\000y\000\040\000i\000n\000\040\000t\000h\000e\000\040\000f\000o\000r\000e\000b\000r\000a\000i\000n\000\040\000a\000n\000d\000\040\000b\000a\000s\000a\000l\000-\000g\000a\000n\000g\000l\000i\000a\000\040\000r\000e\000l\000a\000t\000e\000d\000\040\000c\000i\000r\000c\000u\000i\000t\000r\000y\000\040\000a\000c\000r\000o\000s\000s\000\040\000d\000i\000f\000f\000e\000r\000e\000n\000t\000\040\000s\000t\000i\000m\000u\000l\000u\000s\000\040\000a\000n\000d\000\040\000b\000e\000h\000a\000v\000i\000o\000u\000r\000a\000l\000\040\000c\000o\000n\000t\000e\000x\000t\000s}{section*.2}% 6
\BOOKMARK [2][-]{subsection*.13}{\376\377\000C\000a\0002\0002\000+\000\040\000i\000m\000a\000g\000i\000n\000g\000\040\000i\000d\000e\000n\000t\000i\000f\000i\000e\000s\000\040\000a\000l\000t\000e\000r\000e\000d\000\040\000s\000e\000n\000s\000o\000r\000i\000m\000o\000t\000o\000r\000\040\000r\000e\000s\000p\000o\000n\000s\000e\000s\000\040\000i\000n\000\040\000t\000h\000e\000\040\000a\000t\000p\0001\000a\0003\000a\000\040\000m\000u\000t\000a\000n\000t\000\040\000f\000o\000r\000e\000b\000r\000a\000i\000n}{section*.2}% 7
\BOOKMARK [1][-]{section*.15}{\376\377\000M\000a\000t\000e\000r\000i\000a\000l\000s\000\040\000a\000n\000d\000\040\000M\000e\000t\000h\000o\000d\000s}{}% 8
\BOOKMARK [2][-]{subsection*.16}{\376\377\000A\000n\000i\000m\000a\000l\000\040\000h\000u\000s\000b\000a\000n\000d\000r\000y\000\040\000a\000n\000d\000\040\000c\000a\000r\000e}{section*.15}% 9
\BOOKMARK [2][-]{subsection*.17}{\376\377\000G\000e\000n\000e\000r\000a\000t\000i\000o\000n\000\040\000o\000f\000\040\000t\000h\000e\000\040\000a\000t\000p\0001\000a\0003\000a\000\040\000m\000u\000t\000a\000n\000t\000\040\000l\000i\000n\000e}{section*.15}% 10
\BOOKMARK [2][-]{subsection*.18}{\376\377\000G\000e\000n\000o\000t\000y\000p\000i\000n\000g}{section*.15}% 11
\BOOKMARK [2][-]{subsection*.19}{\376\377\000A\000n\000a\000l\000y\000s\000e\000s\000\040\000o\000f\000\040\000S\000p\000o\000n\000t\000a\000n\000e\000o\000u\000s\000\040\000B\000e\000h\000a\000v\000i\000o\000u\000r}{section*.15}% 12
\BOOKMARK [2][-]{subsection*.20}{\376\377\000A\000n\000a\000l\000y\000s\000e\000s\000\040\000o\000f\000\040\000t\000h\000e\000\040\000O\000p\000t\000o\000m\000o\000t\000o\000r\000\040\000R\000e\000s\000p\000o\000n\000s\000e\000\040\000\050\000O\000M\000R\000\051}{section*.15}% 13
\BOOKMARK [2][-]{subsection*.21}{\376\377\000A\000n\000a\000l\000y\000s\000e\000s\000\040\000o\000f\000\040\000t\000h\000e\000\040\000D\000a\000r\000k\000\040\000F\000l\000a\000s\000h\000\040\000R\000e\000s\000p\000o\000n\000s\000e}{section*.15}% 14
\BOOKMARK [2][-]{subsection*.22}{}{section*.15}% 15
\BOOKMARK [2][-]{subsection*.23}{\376\377\000M\000A\000P\000-\000M\000a\000p\000p\000i\000n\000g\000\040\000A\000n\000a\000l\000y\000s\000e\000s\000\040\000o\000f\000\040\000B\000r\000a\000i\000n\000-\000W\000i\000d\000e\000\040\000A\000c\000t\000i\000v\000i\000t\000y\000\040\000P\000a\000t\000t\000e\000r\000n\000s}{section*.15}% 16
\BOOKMARK [2][-]{subsection*.24}{\376\377\000C\000a\000l\000c\000i\000u\000m\000\040\000i\000m\000a\000g\000i\000n\000g}{section*.15}% 17
\BOOKMARK [2][-]{subsection*.25}{\376\377\000D\000a\000t\000a\000\040\000a\000n\000a\000l\000y\000s\000i\000s}{section*.15}% 18
\BOOKMARK [1][-]{section*.26}{\376\377\000D\000i\000s\000c\000u\000s\000s\000i\000o\000n}{}% 19
\BOOKMARK [1][-]{section*.27}{\376\377\000A\000c\000k\000n\000o\000w\000l\000e\000d\000g\000m\000e\000n\000t\000s}{}% 20
\BOOKMARK [1][-]{section*.28}{\376\377\000F\000u\000n\000d\000i\000n\000g}{}% 21
